// Jest Snapshot v1, https://goo.gl/fbAQLP

exports[`VCalendarCategory should render correctly without shortIntervals prop 1`] = `
<div class="v-calendar-daily v-calendar-category theme--light">
  <div class="v-calendar-daily__head"
       style="margin-right: 0px;"
  >
    <div class="v-calendar-daily__intervals-head"
         style="width: 60px;"
    >
    </div>
    <div class="v-calendar-daily_head-day v-past">
      <div class="v-calendar-daily_head-weekday">
        Tue
      </div>
      <div class="v-calendar-daily_head-day-label">
        <button type="button"
                class="v-btn v-btn--depressed v-btn--fab v-btn--round theme--light v-size--default transparent"
        >
          <span class="v-btn__content">
            29
          </span>
        </button>
      </div>
      <div class="v-calendar-category__columns">
        <div class="v-calendar-category__column-header">
          <div class="v-calendar-category__category">
          </div>
        </div>
      </div>
    </div>
    <div class="v-calendar-daily_head-day v-past">
      <div class="v-calendar-daily_head-weekday">
        Wed
      </div>
      <div class="v-calendar-daily_head-day-label">
        <button type="button"
                class="v-btn v-btn--depressed v-btn--fab v-btn--round theme--light v-size--default transparent"
        >
          <span class="v-btn__content">
            30
          </span>
        </button>
      </div>
      <div class="v-calendar-category__columns">
        <div class="v-calendar-category__column-header">
          <div class="v-calendar-category__category">
          </div>
        </div>
      </div>
    </div>
    <div class="v-calendar-daily_head-day v-past">
      <div class="v-calendar-daily_head-weekday">
        Thu
      </div>
      <div class="v-calendar-daily_head-day-label">
        <button type="button"
                class="v-btn v-btn--depressed v-btn--fab v-btn--round theme--light v-size--default transparent"
        >
          <span class="v-btn__content">
            31
          </span>
        </button>
      </div>
      <div class="v-calendar-category__columns">
        <div class="v-calendar-category__column-header">
          <div class="v-calendar-category__category">
          </div>
        </div>
      </div>
    </div>
    <div class="v-calendar-daily_head-day v-past">
      <div class="v-calendar-daily_head-weekday">
        Fri
      </div>
      <div class="v-calendar-daily_head-day-label">
        <button type="button"
                class="v-btn v-btn--depressed v-btn--fab v-btn--round theme--light v-size--default transparent"
        >
          <span class="v-btn__content">
            1
          </span>
        </button>
      </div>
      <div class="v-calendar-category__columns">
        <div class="v-calendar-category__column-header">
          <div class="v-calendar-category__category">
          </div>
        </div>
      </div>
    </div>
    <div class="v-calendar-daily_head-day v-past">
      <div class="v-calendar-daily_head-weekday">
        Sat
      </div>
      <div class="v-calendar-daily_head-day-label">
        <button type="button"
                class="v-btn v-btn--depressed v-btn--fab v-btn--round theme--light v-size--default transparent"
        >
          <span class="v-btn__content">
            2
          </span>
        </button>
      </div>
      <div class="v-calendar-category__columns">
        <div class="v-calendar-category__column-header">
          <div class="v-calendar-category__category">
          </div>
        </div>
      </div>
    </div>
    <div class="v-calendar-daily_head-day v-past">
      <div class="v-calendar-daily_head-weekday">
        Sun
      </div>
      <div class="v-calendar-daily_head-day-label">
        <button type="button"
                class="v-btn v-btn--depressed v-btn--fab v-btn--round theme--light v-size--default transparent"
        >
          <span class="v-btn__content">
            3
          </span>
        </button>
      </div>
      <div class="v-calendar-category__columns">
        <div class="v-calendar-category__column-header">
          <div class="v-calendar-category__category">
          </div>
        </div>
      </div>
    </div>
    <div class="v-calendar-daily_head-day v-past">
      <div class="v-calendar-daily_head-weekday">
        Mon
      </div>
      <div class="v-calendar-daily_head-day-label">
        <button type="button"
                class="v-btn v-btn--depressed v-btn--fab v-btn--round theme--light v-size--default transparent"
        >
          <span class="v-btn__content">
            4
          </span>
        </button>
      </div>
      <div class="v-calendar-category__columns">
        <div class="v-calendar-category__column-header">
          <div class="v-calendar-category__category">
          </div>
        </div>
      </div>
    </div>
  </div>
  <div class="v-calendar-daily__body">
    <div class="v-calendar-daily__scroll-area">
      <div class="v-calendar-daily__pane"
           style="height: 1152px;"
      >
        <div class="v-calendar-daily__day-container">
          <div class="v-calendar-daily__intervals-body"
               style="width: 60px;"
          >
            <div class="v-calendar-daily__interval"
                 style="height: 48px;"
            >
              <div class="v-calendar-daily__interval-text">
              </div>
            </div>
            <div class="v-calendar-daily__interval"
                 style="height: 48px;"
            >
              <div class="v-calendar-daily__interval-text">
                01:00 AM
              </div>
            </div>
            <div class="v-calendar-daily__interval"
                 style="height: 48px;"
            >
              <div class="v-calendar-daily__interval-text">
                02:00 AM
              </div>
            </div>
            <div class="v-calendar-daily__interval"
                 style="height: 48px;"
            >
              <div class="v-calendar-daily__interval-text">
                03:00 AM
              </div>
            </div>
            <div class="v-calendar-daily__interval"
                 style="height: 48px;"
            >
              <div class="v-calendar-daily__interval-text">
                04:00 AM
              </div>
            </div>
            <div class="v-calendar-daily__interval"
                 style="height: 48px;"
            >
              <div class="v-calendar-daily__interval-text">
                05:00 AM
              </div>
            </div>
            <div class="v-calendar-daily__interval"
                 style="height: 48px;"
            >
              <div class="v-calendar-daily__interval-text">
                06:00 AM
              </div>
            </div>
            <div class="v-calendar-daily__interval"
                 style="height: 48px;"
            >
              <div class="v-calendar-daily__interval-text">
                07:00 AM
              </div>
            </div>
            <div class="v-calendar-daily__interval"
                 style="height: 48px;"
            >
              <div class="v-calendar-daily__interval-text">
                08:00 AM
              </div>
            </div>
            <div class="v-calendar-daily__interval"
                 style="height: 48px;"
            >
              <div class="v-calendar-daily__interval-text">
                09:00 AM
              </div>
            </div>
            <div class="v-calendar-daily__interval"
                 style="height: 48px;"
            >
              <div class="v-calendar-daily__interval-text">
                10:00 AM
              </div>
            </div>
            <div class="v-calendar-daily__interval"
                 style="height: 48px;"
            >
              <div class="v-calendar-daily__interval-text">
                11:00 AM
              </div>
            </div>
            <div class="v-calendar-daily__interval"
                 style="height: 48px;"
            >
              <div class="v-calendar-daily__interval-text">
                12:00 PM
              </div>
            </div>
            <div class="v-calendar-daily__interval"
                 style="height: 48px;"
            >
              <div class="v-calendar-daily__interval-text">
                01:00 PM
              </div>
            </div>
            <div class="v-calendar-daily__interval"
                 style="height: 48px;"
            >
              <div class="v-calendar-daily__interval-text">
                02:00 PM
              </div>
            </div>
            <div class="v-calendar-daily__interval"
                 style="height: 48px;"
            >
              <div class="v-calendar-daily__interval-text">
                03:00 PM
              </div>
            </div>
            <div class="v-calendar-daily__interval"
                 style="height: 48px;"
            >
              <div class="v-calendar-daily__interval-text">
                04:00 PM
              </div>
            </div>
            <div class="v-calendar-daily__interval"
                 style="height: 48px;"
            >
              <div class="v-calendar-daily__interval-text">
                05:00 PM
              </div>
            </div>
            <div class="v-calendar-daily__interval"
                 style="height: 48px;"
            >
              <div class="v-calendar-daily__interval-text">
                06:00 PM
              </div>
            </div>
            <div class="v-calendar-daily__interval"
                 style="height: 48px;"
            >
              <div class="v-calendar-daily__interval-text">
                07:00 PM
              </div>
            </div>
            <div class="v-calendar-daily__interval"
                 style="height: 48px;"
            >
              <div class="v-calendar-daily__interval-text">
                08:00 PM
              </div>
            </div>
            <div class="v-calendar-daily__interval"
                 style="height: 48px;"
            >
              <div class="v-calendar-daily__interval-text">
                09:00 PM
              </div>
            </div>
            <div class="v-calendar-daily__interval"
                 style="height: 48px;"
            >
              <div class="v-calendar-daily__interval-text">
                10:00 PM
              </div>
            </div>
            <div class="v-calendar-daily__interval"
                 style="height: 48px;"
            >
              <div class="v-calendar-daily__interval-text">
                11:00 PM
              </div>
            </div>
          </div>
          <div class="v-calendar-daily__day v-past">
            <div class="v-calendar-daily__day-interval"
                 style="height: 48px;"
            >
            </div>
            <div class="v-calendar-daily__day-interval"
                 style="height: 48px;"
            >
            </div>
            <div class="v-calendar-daily__day-interval"
                 style="height: 48px;"
            >
            </div>
            <div class="v-calendar-daily__day-interval"
                 style="height: 48px;"
            >
            </div>
            <div class="v-calendar-daily__day-interval"
                 style="height: 48px;"
            >
            </div>
            <div class="v-calendar-daily__day-interval"
                 style="height: 48px;"
            >
            </div>
            <div class="v-calendar-daily__day-interval"
                 style="height: 48px;"
            >
            </div>
            <div class="v-calendar-daily__day-interval"
                 style="height: 48px;"
            >
            </div>
            <div class="v-calendar-daily__day-interval"
                 style="height: 48px;"
            >
            </div>
            <div class="v-calendar-daily__day-interval"
                 style="height: 48px;"
            >
            </div>
            <div class="v-calendar-daily__day-interval"
                 style="height: 48px;"
            >
            </div>
            <div class="v-calendar-daily__day-interval"
                 style="height: 48px;"
            >
            </div>
            <div class="v-calendar-daily__day-interval"
                 style="height: 48px;"
            >
            </div>
            <div class="v-calendar-daily__day-interval"
                 style="height: 48px;"
            >
            </div>
            <div class="v-calendar-daily__day-interval"
                 style="height: 48px;"
            >
            </div>
            <div class="v-calendar-daily__day-interval"
                 style="height: 48px;"
            >
            </div>
            <div class="v-calendar-daily__day-interval"
                 style="height: 48px;"
            >
            </div>
            <div class="v-calendar-daily__day-interval"
                 style="height: 48px;"
            >
            </div>
            <div class="v-calendar-daily__day-interval"
                 style="height: 48px;"
            >
            </div>
            <div class="v-calendar-daily__day-interval"
                 style="height: 48px;"
            >
            </div>
            <div class="v-calendar-daily__day-interval"
                 style="height: 48px;"
            >
            </div>
            <div class="v-calendar-daily__day-interval"
                 style="height: 48px;"
            >
            </div>
            <div class="v-calendar-daily__day-interval"
                 style="height: 48px;"
            >
            </div>
            <div class="v-calendar-daily__day-interval"
                 style="height: 48px;"
            >
            </div>
            <div class="v-calendar-category__columns">
              <div class="v-calendar-category__column">
              </div>
            </div>
          </div>
        </div>
      </div>
    </div>
  </div>
</div>
`;
