// Jest Snapshot v1, https://goo.gl/fbAQLP

exports[`VAppBar should match a snapshot 1`] = `
<header class="v-app-bar-title">
</header>
`;
