// Jest Snapshot v1, https://goo.gl/fbAQLP

exports[`VDataTable.vue should match a snapshot 1`] = `

<div class="table__overflow">
  <table class="datatable table">
    <thead>
      <tr>
        <th role="columnheader"
            scope="col"
            aria-label="First Column: Sorted ascending. Activate to sort descending."
            aria-sort="ascending"
            tabindex="0"
            class="column sortable active asc text-xs-right a-string"
        >
          <i aria-hidden="true"
             class="material-icons icon"
          >
            arrow_upward
          </i>
          First Column
        </th>
        <th role="columnheader"
            scope="col"
            aria-label="Second Column: Not sorted."
            aria-sort="none"
            class="column text-xs-right"
        >
          Second Column
        </th>
        <th role="columnheader"
            scope="col"
            aria-label="Third Column: Not sorted. Activate to sort ascending."
            aria-sort="none"
            tabindex="0"
            class="column sortable text-xs-right an array"
        >
          <i aria-hidden="true"
             class="material-icons icon"
          >
            arrow_upward
          </i>
          Third Column
        </th>
      </tr>
      <tr class="datatable__progress">
        <th colspan="100%"
            class="column"
        >
        </th>
      </tr>
    </thead>
    <tbody>
      <tr>
        <td colspan="100%"
            class="text-xs-center"
        >
          No matching records found
        </td>
      </tr>
    </tbody>
    <tfoot>
      <tr>
        <td colspan="100%">
          <div class="datatable__actions">
            <div class="datatable__actions__select">
              Rows per page:
              <!---->
            </div>
            <div class="datatable__actions__pagination">
              NaN-NaN of 3
            </div>
            <button type="button"
                    class="btn btn--flat btn--icon"
                    data-ripple="true"
                    aria-label="Previous page"
            >
              <div class="btn__content">
                <i class="material-icons icon">
                  chevron_left
                </i>
              </div>
            </button>
            <button type="button"
                    class="btn btn--flat btn--icon"
                    data-ripple="true"
                    aria-label="Next page"
            >
              <div class="btn__content">
                <i class="material-icons icon">
                  chevron_right
                </i>
              </div>
            </button>
          </div>
        </td>
      </tr>
    </tfoot>
  </table>
</div>

`;
