// Jest Snapshot v1, https://goo.gl/fbAQLP

exports[`Vslider.vue should be focused when active 1`] = `

<!---->

`;

exports[`Vslider.vue should match a snapshot 1`] = `

<!---->

`;
