// Jest Snapshot v1, https://goo.gl/fbAQLP

exports[`VDatePickerYears.ts should render component and match snapshot 1`] = `
<ul tabindex="0"
    class="v-date-picker-years"
>
  <li tabindex="-1"
      class
  >
    2100
  </li>
  <li tabindex="-1"
      class
  >
    2099
  </li>
  <li tabindex="-1"
      class
  >
    2098
  </li>
  <li tabindex="-1"
      class
  >
    2097
  </li>
  <li tabindex="-1"
      class
  >
    2096
  </li>
  <li tabindex="-1"
      class
  >
    2095
  </li>
  <li tabindex="-1"
      class
  >
    2094
  </li>
  <li tabindex="-1"
      class
  >
    2093
  </li>
  <li tabindex="-1"
      class
  >
    2092
  </li>
  <li tabindex="-1"
      class
  >
    2091
  </li>
  <li tabindex="-1"
      class
  >
    2090
  </li>
  <li tabindex="-1"
      class
  >
    2089
  </li>
  <li tabindex="-1"
      class
  >
    2088
  </li>
  <li tabindex="-1"
      class
  >
    2087
  </li>
  <li tabindex="-1"
      class
  >
    2086
  </li>
  <li tabindex="-1"
      class
  >
    2085
  </li>
  <li tabindex="-1"
      class
  >
    2084
  </li>
  <li tabindex="-1"
      class
  >
    2083
  </li>
  <li tabindex="-1"
      class
  >
    2082
  </li>
  <li tabindex="-1"
      class
  >
    2081
  </li>
  <li tabindex="-1"
      class
  >
    2080
  </li>
  <li tabindex="-1"
      class
  >
    2079
  </li>
  <li tabindex="-1"
      class
  >
    2078
  </li>
  <li tabindex="-1"
      class
  >
    2077
  </li>
  <li tabindex="-1"
      class
  >
    2076
  </li>
  <li tabindex="-1"
      class
  >
    2075
  </li>
  <li tabindex="-1"
      class
  >
    2074
  </li>
  <li tabindex="-1"
      class
  >
    2073
  </li>
  <li tabindex="-1"
      class
  >
    2072
  </li>
  <li tabindex="-1"
      class
  >
    2071
  </li>
  <li tabindex="-1"
      class
  >
    2070
  </li>
  <li tabindex="-1"
      class
  >
    2069
  </li>
  <li tabindex="-1"
      class
  >
    2068
  </li>
  <li tabindex="-1"
      class
  >
    2067
  </li>
  <li tabindex="-1"
      class
  >
    2066
  </li>
  <li tabindex="-1"
      class
  >
    2065
  </li>
  <li tabindex="-1"
      class
  >
    2064
  </li>
  <li tabindex="-1"
      class
  >
    2063
  </li>
  <li tabindex="-1"
      class
  >
    2062
  </li>
  <li tabindex="-1"
      class
  >
    2061
  </li>
  <li tabindex="-1"
      class
  >
    2060
  </li>
  <li tabindex="-1"
      class
  >
    2059
  </li>
  <li tabindex="-1"
      class
  >
    2058
  </li>
  <li tabindex="-1"
      class
  >
    2057
  </li>
  <li tabindex="-1"
      class
  >
    2056
  </li>
  <li tabindex="-1"
      class
  >
    2055
  </li>
  <li tabindex="-1"
      class
  >
    2054
  </li>
  <li tabindex="-1"
      class
  >
    2053
  </li>
  <li tabindex="-1"
      class
  >
    2052
  </li>
  <li tabindex="-1"
      class
  >
    2051
  </li>
  <li tabindex="-1"
      class
  >
    2050
  </li>
  <li tabindex="-1"
      class
  >
    2049
  </li>
  <li tabindex="-1"
      class
  >
    2048
  </li>
  <li tabindex="-1"
      class
  >
    2047
  </li>
  <li tabindex="-1"
      class
  >
    2046
  </li>
  <li tabindex="-1"
      class
  >
    2045
  </li>
  <li tabindex="-1"
      class
  >
    2044
  </li>
  <li tabindex="-1"
      class
  >
    2043
  </li>
  <li tabindex="-1"
      class
  >
    2042
  </li>
  <li tabindex="-1"
      class
  >
    2041
  </li>
  <li tabindex="-1"
      class
  >
    2040
  </li>
  <li tabindex="-1"
      class
  >
    2039
  </li>
  <li tabindex="-1"
      class
  >
    2038
  </li>
  <li tabindex="-1"
      class
  >
    2037
  </li>
  <li tabindex="-1"
      class
  >
    2036
  </li>
  <li tabindex="-1"
      class
  >
    2035
  </li>
  <li tabindex="-1"
      class
  >
    2034
  </li>
  <li tabindex="-1"
      class
  >
    2033
  </li>
  <li tabindex="-1"
      class
  >
    2032
  </li>
  <li tabindex="-1"
      class
  >
    2031
  </li>
  <li tabindex="-1"
      class
  >
    2030
  </li>
  <li tabindex="-1"
      class
  >
    2029
  </li>
  <li tabindex="-1"
      class
  >
    2028
  </li>
  <li tabindex="-1"
      class
  >
    2027
  </li>
  <li tabindex="-1"
      class
  >
    2026
  </li>
  <li tabindex="-1"
      class
  >
    2025
  </li>
  <li tabindex="-1"
      class
  >
    2024
  </li>
  <li tabindex="-1"
      class
  >
    2023
  </li>
  <li tabindex="-1"
      class
  >
    2022
  </li>
  <li tabindex="-1"
      class
  >
    2021
  </li>
  <li tabindex="-1"
      class
  >
    2020
  </li>
  <li tabindex="-1"
      class
  >
    2019
  </li>
  <li tabindex="-1"
      class
  >
    2018
  </li>
  <li tabindex="-1"
      class
  >
    2017
  </li>
  <li tabindex="-1"
      class
  >
    2016
  </li>
  <li tabindex="-1"
      class
  >
    2015
  </li>
  <li tabindex="-1"
      class
  >
    2014
  </li>
  <li tabindex="-1"
      class
  >
    2013
  </li>
  <li tabindex="-1"
      class
  >
    2012
  </li>
  <li tabindex="-1"
      class
  >
    2011
  </li>
  <li tabindex="-1"
      class
  >
    2010
  </li>
  <li tabindex="-1"
      class
  >
    2009
  </li>
  <li tabindex="-1"
      class
  >
    2008
  </li>
  <li tabindex="-1"
      class
  >
    2007
  </li>
  <li tabindex="-1"
      class
  >
    2006
  </li>
  <li tabindex="-1"
      class
  >
    2005
  </li>
  <li tabindex="-1"
      class
  >
    2004
  </li>
  <li tabindex="-1"
      class
  >
    2003
  </li>
  <li tabindex="-1"
      class
  >
    2002
  </li>
  <li tabindex="-1"
      class
  >
    2001
  </li>
  <li tabindex="-1"
      class="active primary--text"
  >
    2000
  </li>
  <li tabindex="-1"
      class
  >
    1999
  </li>
  <li tabindex="-1"
      class
  >
    1998
  </li>
  <li tabindex="-1"
      class
  >
    1997
  </li>
  <li tabindex="-1"
      class
  >
    1996
  </li>
  <li tabindex="-1"
      class
  >
    1995
  </li>
  <li tabindex="-1"
      class
  >
    1994
  </li>
  <li tabindex="-1"
      class
  >
    1993
  </li>
  <li tabindex="-1"
      class
  >
    1992
  </li>
  <li tabindex="-1"
      class
  >
    1991
  </li>
  <li tabindex="-1"
      class
  >
    1990
  </li>
  <li tabindex="-1"
      class
  >
    1989
  </li>
  <li tabindex="-1"
      class
  >
    1988
  </li>
  <li tabindex="-1"
      class
  >
    1987
  </li>
  <li tabindex="-1"
      class
  >
    1986
  </li>
  <li tabindex="-1"
      class
  >
    1985
  </li>
  <li tabindex="-1"
      class
  >
    1984
  </li>
  <li tabindex="-1"
      class
  >
    1983
  </li>
  <li tabindex="-1"
      class
  >
    1982
  </li>
  <li tabindex="-1"
      class
  >
    1981
  </li>
  <li tabindex="-1"
      class
  >
    1980
  </li>
  <li tabindex="-1"
      class
  >
    1979
  </li>
  <li tabindex="-1"
      class
  >
    1978
  </li>
  <li tabindex="-1"
      class
  >
    1977
  </li>
  <li tabindex="-1"
      class
  >
    1976
  </li>
  <li tabindex="-1"
      class
  >
    1975
  </li>
  <li tabindex="-1"
      class
  >
    1974
  </li>
  <li tabindex="-1"
      class
  >
    1973
  </li>
  <li tabindex="-1"
      class
  >
    1972
  </li>
  <li tabindex="-1"
      class
  >
    1971
  </li>
  <li tabindex="-1"
      class
  >
    1970
  </li>
  <li tabindex="-1"
      class
  >
    1969
  </li>
  <li tabindex="-1"
      class
  >
    1968
  </li>
  <li tabindex="-1"
      class
  >
    1967
  </li>
  <li tabindex="-1"
      class
  >
    1966
  </li>
  <li tabindex="-1"
      class
  >
    1965
  </li>
  <li tabindex="-1"
      class
  >
    1964
  </li>
  <li tabindex="-1"
      class
  >
    1963
  </li>
  <li tabindex="-1"
      class
  >
    1962
  </li>
  <li tabindex="-1"
      class
  >
    1961
  </li>
  <li tabindex="-1"
      class
  >
    1960
  </li>
  <li tabindex="-1"
      class
  >
    1959
  </li>
  <li tabindex="-1"
      class
  >
    1958
  </li>
  <li tabindex="-1"
      class
  >
    1957
  </li>
  <li tabindex="-1"
      class
  >
    1956
  </li>
  <li tabindex="-1"
      class
  >
    1955
  </li>
  <li tabindex="-1"
      class
  >
    1954
  </li>
  <li tabindex="-1"
      class
  >
    1953
  </li>
  <li tabindex="-1"
      class
  >
    1952
  </li>
  <li tabindex="-1"
      class
  >
    1951
  </li>
  <li tabindex="-1"
      class
  >
    1950
  </li>
  <li tabindex="-1"
      class
  >
    1949
  </li>
  <li tabindex="-1"
      class
  >
    1948
  </li>
  <li tabindex="-1"
      class
  >
    1947
  </li>
  <li tabindex="-1"
      class
  >
    1946
  </li>
  <li tabindex="-1"
      class
  >
    1945
  </li>
  <li tabindex="-1"
      class
  >
    1944
  </li>
  <li tabindex="-1"
      class
  >
    1943
  </li>
  <li tabindex="-1"
      class
  >
    1942
  </li>
  <li tabindex="-1"
      class
  >
    1941
  </li>
  <li tabindex="-1"
      class
  >
    1940
  </li>
  <li tabindex="-1"
      class
  >
    1939
  </li>
  <li tabindex="-1"
      class
  >
    1938
  </li>
  <li tabindex="-1"
      class
  >
    1937
  </li>
  <li tabindex="-1"
      class
  >
    1936
  </li>
  <li tabindex="-1"
      class
  >
    1935
  </li>
  <li tabindex="-1"
      class
  >
    1934
  </li>
  <li tabindex="-1"
      class
  >
    1933
  </li>
  <li tabindex="-1"
      class
  >
    1932
  </li>
  <li tabindex="-1"
      class
  >
    1931
  </li>
  <li tabindex="-1"
      class
  >
    1930
  </li>
  <li tabindex="-1"
      class
  >
    1929
  </li>
  <li tabindex="-1"
      class
  >
    1928
  </li>
  <li tabindex="-1"
      class
  >
    1927
  </li>
  <li tabindex="-1"
      class
  >
    1926
  </li>
  <li tabindex="-1"
      class
  >
    1925
  </li>
  <li tabindex="-1"
      class
  >
    1924
  </li>
  <li tabindex="-1"
      class
  >
    1923
  </li>
  <li tabindex="-1"
      class
  >
    1922
  </li>
  <li tabindex="-1"
      class
  >
    1921
  </li>
  <li tabindex="-1"
      class
  >
    1920
  </li>
  <li tabindex="-1"
      class
  >
    1919
  </li>
  <li tabindex="-1"
      class
  >
    1918
  </li>
  <li tabindex="-1"
      class
  >
    1917
  </li>
  <li tabindex="-1"
      class
  >
    1916
  </li>
  <li tabindex="-1"
      class
  >
    1915
  </li>
  <li tabindex="-1"
      class
  >
    1914
  </li>
  <li tabindex="-1"
      class
  >
    1913
  </li>
  <li tabindex="-1"
      class
  >
    1912
  </li>
  <li tabindex="-1"
      class
  >
    1911
  </li>
  <li tabindex="-1"
      class
  >
    1910
  </li>
  <li tabindex="-1"
      class
  >
    1909
  </li>
  <li tabindex="-1"
      class
  >
    1908
  </li>
  <li tabindex="-1"
      class
  >
    1907
  </li>
  <li tabindex="-1"
      class
  >
    1906
  </li>
  <li tabindex="-1"
      class
  >
    1905
  </li>
  <li tabindex="-1"
      class
  >
    1904
  </li>
  <li tabindex="-1"
      class
  >
    1903
  </li>
  <li tabindex="-1"
      class
  >
    1902
  </li>
  <li tabindex="-1"
      class
  >
    1901
  </li>
  <li tabindex="-1"
      class
  >
    1900
  </li>
</ul>
`;
