// Jest Snapshot v1, https://goo.gl/fbAQLP

exports[`VThemeProvider.ts should work match snapshot 1`] = `
VueWrapper {
  "_emitted": Object {},
  "_emittedByOrder": Array [],
  "isFunctionalComponent": undefined,
}
`;
