// Jest Snapshot v1, https://goo.gl/fbAQLP

exports[`VLinearGradient LinearGradient should render element with linear gradient 1`] = `[Function]`;
