// Jest Snapshot v1, https://goo.gl/fbAQLP

exports[`VSelect should render buttons correctly when using items array with segmented prop 1`] = `

<!---->

`;

exports[`VSelect should render buttons correctly when using slot with segmented prop 1`] = `

<!---->

`;
