// Jest Snapshot v1, https://goo.gl/fbAQLP

exports[`VListItem.ts should render with <a> when using href prop 1`] = `
<div tabindex="0"
     class="v-list-item theme--light"
>
  <a href="http://www.google.com"
     class="v-list-item--link theme--light"
  >
  </a>
</div>
`;

exports[`VListItem.ts should render with a div when href and to are not used 1`] = `
<div tabindex="-1"
     class="v-list-item theme--light"
>
</div>
`;
